Archive member included because of file (symbol)

/home/marco/ARMToolchain/gcc-arm-none-eabi-4_9-2015q2/bin/../lib/gcc/arm-none-eabi/4.9.3/../../../../arm-none-eabi/lib/armv6-m/libc_nano.a(lib_a-exit.o)
                              /home/marco/ARMToolchain/gcc-arm-none-eabi-4_9-2015q2/bin/../lib/gcc/arm-none-eabi/4.9.3/../../../../arm-none-eabi/lib/armv6-m/crt0.o (exit)
/home/marco/ARMToolchain/gcc-arm-none-eabi-4_9-2015q2/bin/../lib/gcc/arm-none-eabi/4.9.3/../../../../arm-none-eabi/lib/armv6-m/libc_nano.a(lib_a-impure.o)
                              /home/marco/ARMToolchain/gcc-arm-none-eabi-4_9-2015q2/bin/../lib/gcc/arm-none-eabi/4.9.3/../../../../arm-none-eabi/lib/armv6-m/libc_nano.a(lib_a-exit.o) (_global_impure_ptr)
/home/marco/ARMToolchain/gcc-arm-none-eabi-4_9-2015q2/bin/../lib/gcc/arm-none-eabi/4.9.3/../../../../arm-none-eabi/lib/armv6-m/libc_nano.a(lib_a-init.o)
                              /home/marco/ARMToolchain/gcc-arm-none-eabi-4_9-2015q2/bin/../lib/gcc/arm-none-eabi/4.9.3/../../../../arm-none-eabi/lib/armv6-m/crt0.o (__libc_init_array)
/home/marco/ARMToolchain/gcc-arm-none-eabi-4_9-2015q2/bin/../lib/gcc/arm-none-eabi/4.9.3/../../../../arm-none-eabi/lib/armv6-m/libc_nano.a(lib_a-memset.o)
                              /home/marco/ARMToolchain/gcc-arm-none-eabi-4_9-2015q2/bin/../lib/gcc/arm-none-eabi/4.9.3/../../../../arm-none-eabi/lib/armv6-m/crt0.o (memset)
/home/marco/ARMToolchain/gcc-arm-none-eabi-4_9-2015q2/bin/../lib/gcc/arm-none-eabi/4.9.3/../../../../arm-none-eabi/lib/armv6-m/libnosys.a(_exit.o)
                              /home/marco/ARMToolchain/gcc-arm-none-eabi-4_9-2015q2/bin/../lib/gcc/arm-none-eabi/4.9.3/../../../../arm-none-eabi/lib/armv6-m/libc_nano.a(lib_a-exit.o) (_exit)
/home/marco/ARMToolchain/gcc-arm-none-eabi-4_9-2015q2/bin/../lib/gcc/arm-none-eabi/4.9.3/../../../../arm-none-eabi/lib/armv6-m/libc_nano.a(lib_a-memcpy.o)
                              _build/broadcaster.o (memcpy)
/home/marco/ARMToolchain/gcc-arm-none-eabi-4_9-2015q2/bin/../lib/gcc/arm-none-eabi/4.9.3/../../../../arm-none-eabi/lib/armv6-m/libc_nano.a(lib_a-strlen.o)
                              _build/broadcaster.o (strlen)

Allocating common symbols
Common symbol       size              file

nrf_nvic_state      0x8               _build/softdevice_handler.o
scan_resp_data      0x1f              _build/broadcaster.o
adv_data            0x1b              _build/broadcaster.o

Discarded input sections

 .text          0x00000000        0x0 /home/marco/ARMToolchain/gcc-arm-none-eabi-4_9-2015q2/bin/../lib/gcc/arm-none-eabi/4.9.3/armv6-m/crti.o
 .data          0x00000000        0x0 /home/marco/ARMToolchain/gcc-arm-none-eabi-4_9-2015q2/bin/../lib/gcc/arm-none-eabi/4.9.3/armv6-m/crti.o
 .bss           0x00000000        0x0 /home/marco/ARMToolchain/gcc-arm-none-eabi-4_9-2015q2/bin/../lib/gcc/arm-none-eabi/4.9.3/armv6-m/crti.o
 .data          0x00000000        0x4 /home/marco/ARMToolchain/gcc-arm-none-eabi-4_9-2015q2/bin/../lib/gcc/arm-none-eabi/4.9.3/armv6-m/crtbegin.o
 .data          0x00000000        0x0 /home/marco/ARMToolchain/gcc-arm-none-eabi-4_9-2015q2/bin/../lib/gcc/arm-none-eabi/4.9.3/../../../../arm-none-eabi/lib/armv6-m/crt0.o
 .bss           0x00000000        0x0 /home/marco/ARMToolchain/gcc-arm-none-eabi-4_9-2015q2/bin/../lib/gcc/arm-none-eabi/4.9.3/../../../../arm-none-eabi/lib/armv6-m/crt0.o
 .ARM.extab     0x00000000        0x0 /home/marco/ARMToolchain/gcc-arm-none-eabi-4_9-2015q2/bin/../lib/gcc/arm-none-eabi/4.9.3/../../../../arm-none-eabi/lib/armv6-m/crt0.o
 .text          0x00000000        0x0 /home/marco/ARMToolchain/gcc-arm-none-eabi-4_9-2015q2/bin/../lib/gcc/arm-none-eabi/4.9.3/../../../../arm-none-eabi/lib/armv6-m/libc_nano.a(lib_a-exit.o)
 .data          0x00000000        0x0 /home/marco/ARMToolchain/gcc-arm-none-eabi-4_9-2015q2/bin/../lib/gcc/arm-none-eabi/4.9.3/../../../../arm-none-eabi/lib/armv6-m/libc_nano.a(lib_a-exit.o)
 .bss           0x00000000        0x0 /home/marco/ARMToolchain/gcc-arm-none-eabi-4_9-2015q2/bin/../lib/gcc/arm-none-eabi/4.9.3/../../../../arm-none-eabi/lib/armv6-m/libc_nano.a(lib_a-exit.o)
 .text          0x00000000        0x0 /home/marco/ARMToolchain/gcc-arm-none-eabi-4_9-2015q2/bin/../lib/gcc/arm-none-eabi/4.9.3/../../../../arm-none-eabi/lib/armv6-m/libc_nano.a(lib_a-impure.o)
 .data          0x00000000        0x0 /home/marco/ARMToolchain/gcc-arm-none-eabi-4_9-2015q2/bin/../lib/gcc/arm-none-eabi/4.9.3/../../../../arm-none-eabi/lib/armv6-m/libc_nano.a(lib_a-impure.o)
 .bss           0x00000000        0x0 /home/marco/ARMToolchain/gcc-arm-none-eabi-4_9-2015q2/bin/../lib/gcc/arm-none-eabi/4.9.3/../../../../arm-none-eabi/lib/armv6-m/libc_nano.a(lib_a-impure.o)
 .data._impure_ptr
                0x00000000        0x4 /home/marco/ARMToolchain/gcc-arm-none-eabi-4_9-2015q2/bin/../lib/gcc/arm-none-eabi/4.9.3/../../../../arm-none-eabi/lib/armv6-m/libc_nano.a(lib_a-impure.o)
 .text          0x00000000        0x0 /home/marco/ARMToolchain/gcc-arm-none-eabi-4_9-2015q2/bin/../lib/gcc/arm-none-eabi/4.9.3/../../../../arm-none-eabi/lib/armv6-m/libc_nano.a(lib_a-init.o)
 .data          0x00000000        0x0 /home/marco/ARMToolchain/gcc-arm-none-eabi-4_9-2015q2/bin/../lib/gcc/arm-none-eabi/4.9.3/../../../../arm-none-eabi/lib/armv6-m/libc_nano.a(lib_a-init.o)
 .bss           0x00000000        0x0 /home/marco/ARMToolchain/gcc-arm-none-eabi-4_9-2015q2/bin/../lib/gcc/arm-none-eabi/4.9.3/../../../../arm-none-eabi/lib/armv6-m/libc_nano.a(lib_a-init.o)
 .text          0x00000000        0x0 /home/marco/ARMToolchain/gcc-arm-none-eabi-4_9-2015q2/bin/../lib/gcc/arm-none-eabi/4.9.3/../../../../arm-none-eabi/lib/armv6-m/libc_nano.a(lib_a-memset.o)
 .data          0x00000000        0x0 /home/marco/ARMToolchain/gcc-arm-none-eabi-4_9-2015q2/bin/../lib/gcc/arm-none-eabi/4.9.3/../../../../arm-none-eabi/lib/armv6-m/libc_nano.a(lib_a-memset.o)
 .bss           0x00000000        0x0 /home/marco/ARMToolchain/gcc-arm-none-eabi-4_9-2015q2/bin/../lib/gcc/arm-none-eabi/4.9.3/../../../../arm-none-eabi/lib/armv6-m/libc_nano.a(lib_a-memset.o)
 .text          0x00000000        0x0 /home/marco/ARMToolchain/gcc-arm-none-eabi-4_9-2015q2/bin/../lib/gcc/arm-none-eabi/4.9.3/../../../../arm-none-eabi/lib/armv6-m/libnosys.a(_exit.o)
 .data          0x00000000        0x0 /home/marco/ARMToolchain/gcc-arm-none-eabi-4_9-2015q2/bin/../lib/gcc/arm-none-eabi/4.9.3/../../../../arm-none-eabi/lib/armv6-m/libnosys.a(_exit.o)
 .bss           0x00000000        0x0 /home/marco/ARMToolchain/gcc-arm-none-eabi-4_9-2015q2/bin/../lib/gcc/arm-none-eabi/4.9.3/../../../../arm-none-eabi/lib/armv6-m/libnosys.a(_exit.o)
 .text          0x00000000        0x0 _build/main.o
 .data          0x00000000        0x0 _build/main.o
 .bss           0x00000000        0x0 _build/main.o
 .text.assert_nrf_callback
                0x00000000       0x14 _build/main.o
 .text          0x00000000        0x0 _build/uart.o
 .data          0x00000000        0x0 _build/uart.o
 .bss           0x00000000        0x0 _build/uart.o
 .comment       0x00000000       0x71 _build/uart.o
 .ARM.attributes
                0x00000000       0x31 _build/uart.o
 .text          0x00000000        0x0 _build/mpu6050.o
 .data          0x00000000        0x0 _build/mpu6050.o
 .bss           0x00000000        0x0 _build/mpu6050.o
 .text          0x00000000        0x0 _build/broadcaster.o
 .data          0x00000000        0x0 _build/broadcaster.o
 .bss           0x00000000        0x0 _build/broadcaster.o
 .text          0x00000000        0x0 _build/application.o
 .data          0x00000000        0x0 _build/application.o
 .bss           0x00000000        0x0 _build/application.o
 .text          0x00000000        0x0 _build/app_error.o
 .data          0x00000000        0x0 _build/app_error.o
 .bss           0x00000000        0x0 _build/app_error.o
 .text.app_error_handler
                0x00000000       0x20 _build/app_error.o
 .text.app_error_save_and_stop
                0x00000000       0x64 _build/app_error.o
 .bss.m_error_data.5657
                0x00000000       0x20 _build/app_error.o
 .text          0x00000000        0x0 _build/app_error_weak.o
 .data          0x00000000        0x0 _build/app_error_weak.o
 .bss           0x00000000        0x0 _build/app_error_weak.o
 .text          0x00000000        0x0 _build/app_timer.o
 .data          0x00000000        0x0 _build/app_timer.o
 .bss           0x00000000        0x0 _build/app_timer.o
 .text.app_timer_stop
                0x00000000       0xc8 _build/app_timer.o
 .text.app_timer_stop_all
                0x00000000       0xb8 _build/app_timer.o
 .text.app_timer_cnt_get
                0x00000000       0x14 _build/app_timer.o
 .text.app_timer_cnt_diff_compute
                0x00000000        0xc _build/app_timer.o
 .text          0x00000000        0x0 _build/nrf_assert.o
 .data          0x00000000        0x0 _build/nrf_assert.o
 .bss           0x00000000        0x0 _build/nrf_assert.o
 .comment       0x00000000       0x71 _build/nrf_assert.o
 .ARM.attributes
                0x00000000       0x31 _build/nrf_assert.o
 .text          0x00000000        0x0 _build/app_fifo.o
 .data          0x00000000        0x0 _build/app_fifo.o
 .bss           0x00000000        0x0 _build/app_fifo.o
 .text.app_fifo_init
                0x00000000       0x28 _build/app_fifo.o
 .text.app_fifo_put
                0x00000000       0x28 _build/app_fifo.o
 .text.app_fifo_get
                0x00000000       0x24 _build/app_fifo.o
 .text.app_fifo_peek
                0x00000000       0x24 _build/app_fifo.o
 .text.app_fifo_flush
                0x00000000        0x8 _build/app_fifo.o
 .text.app_fifo_read
                0x00000000       0x54 _build/app_fifo.o
 .text.app_fifo_write
                0x00000000       0x58 _build/app_fifo.o
 .comment       0x00000000       0x71 _build/app_fifo.o
 .ARM.attributes
                0x00000000       0x31 _build/app_fifo.o
 .text          0x00000000        0x0 _build/app_twi.o
 .data          0x00000000        0x0 _build/app_twi.o
 .bss           0x00000000        0x0 _build/app_twi.o
 .text.app_twi_uninit
                0x00000000       0x10 _build/app_twi.o
 .text          0x00000000        0x0 _build/app_util_platform.o
 .data          0x00000000        0x0 _build/app_util_platform.o
 .bss           0x00000000        0x0 _build/app_util_platform.o
 .text.app_util_disable_irq
                0x00000000       0x10 _build/app_util_platform.o
 .text.app_util_enable_irq
                0x00000000       0x14 _build/app_util_platform.o
 .bss.m_in_critical_region
                0x00000000        0x4 _build/app_util_platform.o
 .text          0x00000000        0x0 _build/nrf_delay.o
 .data          0x00000000        0x0 _build/nrf_delay.o
 .bss           0x00000000        0x0 _build/nrf_delay.o
 .text          0x00000000        0x0 _build/app_uart_fifo.o
 .data          0x00000000        0x0 _build/app_uart_fifo.o
 .bss           0x00000000        0x0 _build/app_uart_fifo.o
 .text.uart_event_handler
                0x00000000       0xc8 _build/app_uart_fifo.o
 .text.app_uart_init
                0x00000000       0xa4 _build/app_uart_fifo.o
 .text.app_uart_flush
                0x00000000       0x1c _build/app_uart_fifo.o
 .text.app_uart_get
                0x00000000       0x34 _build/app_uart_fifo.o
 .text.app_uart_put
                0x00000000       0x40 _build/app_uart_fifo.o
 .text.app_uart_close
                0x00000000        0xc _build/app_uart_fifo.o
 .rodata        0x00000000       0x20 _build/app_uart_fifo.o
 .bss.tx_buffer
                0x00000000        0x1 _build/app_uart_fifo.o
 .bss.m_event_handler
                0x00000000        0x4 _build/app_uart_fifo.o
 .bss.rx_buffer
                0x00000000        0x1 _build/app_uart_fifo.o
 .bss.m_tx_fifo
                0x00000000       0x10 _build/app_uart_fifo.o
 .bss.m_rx_fifo
                0x00000000       0x10 _build/app_uart_fifo.o
 .comment       0x00000000       0x71 _build/app_uart_fifo.o
 .ARM.attributes
                0x00000000       0x31 _build/app_uart_fifo.o
 .text          0x00000000        0x0 _build/nrf_drv_clock.o
 .data          0x00000000        0x0 _build/nrf_drv_clock.o
 .bss           0x00000000        0x0 _build/nrf_drv_clock.o
 .text.sd_clock_hfclk_request
                0x00000000        0x4 _build/nrf_drv_clock.o
 .text.sd_clock_hfclk_release
                0x00000000        0x4 _build/nrf_drv_clock.o
 .text.sd_clock_hfclk_is_running
                0x00000000        0x4 _build/nrf_drv_clock.o
 .text.sd_softdevice_is_enabled
                0x00000000        0x4 _build/nrf_drv_clock.o
 .text.nrf_drv_clock_init
                0x00000000       0x38 _build/nrf_drv_clock.o
 .text.nrf_drv_clock_uninit
                0x00000000       0x14 _build/nrf_drv_clock.o
 .text.nrf_drv_clock_lfclk_request
                0x00000000       0x10 _build/nrf_drv_clock.o
 .text.nrf_drv_clock_lfclk_release
                0x00000000        0x4 _build/nrf_drv_clock.o
 .text.nrf_drv_clock_lfclk_is_running
                0x00000000        0x4 _build/nrf_drv_clock.o
 .text.nrf_drv_clock_hfclk_request
                0x00000000       0x50 _build/nrf_drv_clock.o
 .text.nrf_drv_clock_hfclk_release
                0x00000000       0x38 _build/nrf_drv_clock.o
 .text.nrf_drv_clock_hfclk_is_running
                0x00000000       0x18 _build/nrf_drv_clock.o
 .text.nrf_drv_clock_calibration_start
                0x00000000        0x4 _build/nrf_drv_clock.o
 .text.nrf_drv_clock_calibration_abort
                0x00000000        0x4 _build/nrf_drv_clock.o
 .text.nrf_drv_clock_is_calibrating
                0x00000000        0x4 _build/nrf_drv_clock.o
 .text          0x00000000        0x0 _build/nrf_drv_common.o
 .data          0x00000000        0x0 _build/nrf_drv_common.o
 .bss           0x00000000        0x0 _build/nrf_drv_common.o
 .text          0x00000000        0x0 _build/nrf_drv_gpiote.o
 .data          0x00000000        0x0 _build/nrf_drv_gpiote.o
 .bss           0x00000000        0x0 _build/nrf_drv_gpiote.o
 .text.nrf_drv_gpiote_init
                0x00000000       0x68 _build/nrf_drv_gpiote.o
 .text.nrf_drv_gpiote_is_init
                0x00000000       0x14 _build/nrf_drv_gpiote.o
 .text.nrf_drv_gpiote_uninit
                0x00000000       0xec _build/nrf_drv_gpiote.o
 .text.nrf_drv_gpiote_out_init
                0x00000000       0xdc _build/nrf_drv_gpiote.o
 .text.nrf_drv_gpiote_out_uninit
                0x00000000       0x48 _build/nrf_drv_gpiote.o
 .text.nrf_drv_gpiote_out_set
                0x00000000       0x14 _build/nrf_drv_gpiote.o
 .text.nrf_drv_gpiote_out_clear
                0x00000000       0x14 _build/nrf_drv_gpiote.o
 .text.nrf_drv_gpiote_out_toggle
                0x00000000       0x2c _build/nrf_drv_gpiote.o
 .text.nrf_drv_gpiote_out_task_enable
                0x00000000       0x38 _build/nrf_drv_gpiote.o
 .text.nrf_drv_gpiote_out_task_disable
                0x00000000       0x28 _build/nrf_drv_gpiote.o
 .text.nrf_drv_gpiote_out_task_addr_get
                0x00000000       0x20 _build/nrf_drv_gpiote.o
 .text.nrf_drv_gpiote_out_task_force
                0x00000000       0x38 _build/nrf_drv_gpiote.o
 .text.nrf_drv_gpiote_out_task_trigger
                0x00000000       0x20 _build/nrf_drv_gpiote.o
 .text.nrf_drv_gpiote_in_init
                0x00000000      0x15c _build/nrf_drv_gpiote.o
 .text.nrf_drv_gpiote_in_event_enable
                0x00000000       0xa8 _build/nrf_drv_gpiote.o
 .text.nrf_drv_gpiote_in_event_disable
                0x00000000       0x60 _build/nrf_drv_gpiote.o
 .text.nrf_drv_gpiote_in_uninit
                0x00000000       0xa8 _build/nrf_drv_gpiote.o
 .text.nrf_drv_gpiote_in_is_set
                0x00000000       0x14 _build/nrf_drv_gpiote.o
 .text.nrf_drv_gpiote_in_event_addr_get
                0x00000000       0x20 _build/nrf_drv_gpiote.o
 .text          0x00000000        0x0 _build/nrf_drv_timer.o
 .data          0x00000000        0x0 _build/nrf_drv_timer.o
 .bss           0x00000000        0x0 _build/nrf_drv_timer.o
 .text.nrf_drv_timer_init
                0x00000000       0xe8 _build/nrf_drv_timer.o
 .text.nrf_drv_timer_uninit
                0x00000000       0x58 _build/nrf_drv_timer.o
 .text.nrf_drv_timer_enable
                0x00000000       0x1c _build/nrf_drv_timer.o
 .text.nrf_drv_timer_disable
                0x00000000       0x1c _build/nrf_drv_timer.o
 .text.nrf_drv_timer_resume
                0x00000000        0x8 _build/nrf_drv_timer.o
 .text.nrf_drv_timer_pause
                0x00000000        0x8 _build/nrf_drv_timer.o
 .text.nrf_drv_timer_clear
                0x00000000        0x8 _build/nrf_drv_timer.o
 .text.nrf_drv_timer_increment
                0x00000000        0x8 _build/nrf_drv_timer.o
 .text.nrf_drv_timer_capture
                0x00000000       0x20 _build/nrf_drv_timer.o
 .text.nrf_drv_timer_compare
                0x00000000       0x2c _build/nrf_drv_timer.o
 .text.nrf_drv_timer_extended_compare
                0x00000000       0x4c _build/nrf_drv_timer.o
 .text.nrf_drv_timer_compare_int_enable
                0x00000000       0x24 _build/nrf_drv_timer.o
 .text.nrf_drv_timer_compare_int_disable
                0x00000000       0x14 _build/nrf_drv_timer.o
 .rodata.m_default_config
                0x00000000        0x8 _build/nrf_drv_timer.o
 .text          0x00000000        0x0 _build/nrf_drv_rtc.o
 .data          0x00000000        0x0 _build/nrf_drv_rtc.o
 .bss           0x00000000        0x0 _build/nrf_drv_rtc.o
 .text.nrf_drv_rtc_init
                0x00000000       0x6c _build/nrf_drv_rtc.o
 .text.nrf_drv_rtc_uninit
                0x00000000       0x44 _build/nrf_drv_rtc.o
 .text.nrf_drv_rtc_enable
                0x00000000       0x18 _build/nrf_drv_rtc.o
 .text.nrf_drv_rtc_disable
                0x00000000       0x18 _build/nrf_drv_rtc.o
 .text.nrf_drv_rtc_cc_disable
                0x00000000       0x40 _build/nrf_drv_rtc.o
 .text.nrf_drv_rtc_cc_set
                0x00000000       0xc0 _build/nrf_drv_rtc.o
 .text.nrf_drv_rtc_tick_enable
                0x00000000       0x24 _build/nrf_drv_rtc.o
 .text.nrf_drv_rtc_tick_disable
                0x00000000       0x14 _build/nrf_drv_rtc.o
 .text.nrf_drv_rtc_overflow_enable
                0x00000000       0x24 _build/nrf_drv_rtc.o
 .text.nrf_drv_rtc_overflow_disable
                0x00000000       0x14 _build/nrf_drv_rtc.o
 .text.nrf_drv_rtc_max_ticks_get
                0x00000000       0x24 _build/nrf_drv_rtc.o
 .bss.m_handlers
                0x00000000        0x0 _build/nrf_drv_rtc.o
 .rodata.m_default_config
                0x00000000        0x0 _build/nrf_drv_rtc.o
 .bss.m_cb      0x00000000        0x0 _build/nrf_drv_rtc.o
 .comment       0x00000000       0x71 _build/nrf_drv_rtc.o
 .ARM.attributes
                0x00000000       0x31 _build/nrf_drv_rtc.o
 .text          0x00000000        0x0 _build/nrf_drv_twi.o
 .data          0x00000000        0x0 _build/nrf_drv_twi.o
 .bss           0x00000000        0x0 _build/nrf_drv_twi.o
 .text.nrf_drv_twi_uninit
                0x00000000       0x68 _build/nrf_drv_twi.o
 .text.nrf_drv_twi_disable
                0x00000000       0x34 _build/nrf_drv_twi.o
 .text.nrf_drv_twi_tx
                0x00000000      0x250 _build/nrf_drv_twi.o
 .text.nrf_drv_twi_rx
                0x00000000       0xb4 _build/nrf_drv_twi.o
 .text.nrf_drv_twi_data_count_get
                0x00000000       0x18 _build/nrf_drv_twi.o
 .text.nrf_drv_twi_start_task_get
                0x00000000       0x10 _build/nrf_drv_twi.o
 .text.nrf_drv_twi_stopped_event_get
                0x00000000        0x8 _build/nrf_drv_twi.o
 .text          0x00000000        0x0 _build/nrf_drv_uart.o
 .data          0x00000000        0x0 _build/nrf_drv_uart.o
 .bss           0x00000000        0x0 _build/nrf_drv_uart.o
 .text.nrf_drv_uart_init
                0x00000000      0x120 _build/nrf_drv_uart.o
 .text.nrf_drv_uart_uninit
                0x00000000       0xbc _build/nrf_drv_uart.o
 .text.nrf_drv_uart_tx
                0x00000000       0xb4 _build/nrf_drv_uart.o
 .text.nrf_drv_uart_tx_in_progress
                0x00000000       0x10 _build/nrf_drv_uart.o
 .text.nrf_drv_uart_rx
                0x00000000      0x130 _build/nrf_drv_uart.o
 .text.nrf_drv_uart_rx_enable
                0x00000000       0x2c _build/nrf_drv_uart.o
 .text.nrf_drv_uart_rx_disable
                0x00000000       0x18 _build/nrf_drv_uart.o
 .text.nrf_drv_uart_errorsrc_get
                0x00000000       0x1c _build/nrf_drv_uart.o
 .text.nrf_drv_uart_tx_abort
                0x00000000       0x3c _build/nrf_drv_uart.o
 .text.nrf_drv_uart_rx_abort
                0x00000000       0x1c _build/nrf_drv_uart.o
 .rodata.m_default_config
                0x00000000       0x20 _build/nrf_drv_uart.o
 .text          0x00000000        0x0 _build/ble_conn_params.o
 .data          0x00000000        0x0 _build/ble_conn_params.o
 .bss           0x00000000        0x0 _build/ble_conn_params.o
 .text.sd_ble_gap_conn_param_update
                0x00000000        0x4 _build/ble_conn_params.o
 .text.sd_ble_gap_disconnect
                0x00000000        0x4 _build/ble_conn_params.o
 .text.sd_ble_gap_ppcp_set
                0x00000000        0x4 _build/ble_conn_params.o
 .text.sd_ble_gap_ppcp_get
                0x00000000        0x4 _build/ble_conn_params.o
 .text.update_timeout_handler
                0x00000000       0x78 _build/ble_conn_params.o
 .text.conn_params_negotiation
                0x00000000       0x88 _build/ble_conn_params.o
 .text.ble_conn_params_init
                0x00000000       0x78 _build/ble_conn_params.o
 .text.ble_conn_params_stop
                0x00000000       0x10 _build/ble_conn_params.o
 .text.ble_conn_params_on_ble_evt
                0x00000000       0xa4 _build/ble_conn_params.o
 .text.ble_conn_params_change_conn_params
                0x00000000       0x70 _build/ble_conn_params.o
 .bss.m_change_param
                0x00000000        0x1 _build/ble_conn_params.o
 .bss.m_current_conn_params
                0x00000000        0x8 _build/ble_conn_params.o
 .bss.m_update_count
                0x00000000        0x1 _build/ble_conn_params.o
 .bss.m_conn_params_config
                0x00000000       0x1c _build/ble_conn_params.o
 .bss.m_conn_params_timer_id_data
                0x00000000       0x20 _build/ble_conn_params.o
 .rodata.m_conn_params_timer_id
                0x00000000        0x4 _build/ble_conn_params.o
 .bss.m_conn_handle
                0x00000000        0x2 _build/ble_conn_params.o
 .bss.m_preferred_conn_params
                0x00000000        0x8 _build/ble_conn_params.o
 .comment       0x00000000       0x71 _build/ble_conn_params.o
 .ARM.attributes
                0x00000000       0x31 _build/ble_conn_params.o
 .text          0x00000000        0x0 _build/ble_srv_common.o
 .data          0x00000000        0x0 _build/ble_srv_common.o
 .bss           0x00000000        0x0 _build/ble_srv_common.o
 .text.sd_ble_gatts_characteristic_add
                0x00000000        0x4 _build/ble_srv_common.o
 .text.sd_ble_gatts_descriptor_add
                0x00000000        0x4 _build/ble_srv_common.o
 .text.ble_srv_report_ref_encode
                0x00000000        0xc _build/ble_srv_common.o
 .text.ble_srv_ascii_to_utf8
                0x00000000       0x14 _build/ble_srv_common.o
 .text.characteristic_add
                0x00000000      0x368 _build/ble_srv_common.o
 .rodata.characteristic_add
                0x00000000       0x78 _build/ble_srv_common.o
 .text.descriptor_add
                0x00000000      0x15c _build/ble_srv_common.o
 .rodata.descriptor_add
                0x00000000       0x30 _build/ble_srv_common.o
 .comment       0x00000000       0x71 _build/ble_srv_common.o
 .ARM.attributes
                0x00000000       0x31 _build/ble_srv_common.o
 .text          0x00000000        0x0 _build/system_nrf51.o
 .data          0x00000000        0x0 _build/system_nrf51.o
 .bss           0x00000000        0x0 _build/system_nrf51.o
 .text.SystemCoreClockUpdate
                0x00000000       0x10 _build/system_nrf51.o
 .data.SystemCoreClock
                0x00000000        0x4 _build/system_nrf51.o
 .text          0x00000000        0x0 _build/nrf_soc.o
 .data          0x00000000        0x0 _build/nrf_soc.o
 .bss           0x00000000        0x0 _build/nrf_soc.o
 .text.sd_app_evt_wait
                0x00000000        0x8 _build/nrf_soc.o
 .comment       0x00000000       0x71 _build/nrf_soc.o
 .ARM.attributes
                0x00000000       0x31 _build/nrf_soc.o
 .text          0x00000000        0x0 _build/softdevice_handler.o
 .data          0x00000000        0x0 _build/softdevice_handler.o
 .bss           0x00000000        0x0 _build/softdevice_handler.o
 .text.sd_softdevice_disable
                0x00000000        0x4 _build/softdevice_handler.o
 .text.intern_softdevice_events_execute
                0x00000000       0x14 _build/softdevice_handler.o
 .text.softdevice_handler_isEnabled
                0x00000000        0xc _build/softdevice_handler.o
 .text.softdevice_handler_sd_disable
                0x00000000       0x18 _build/softdevice_handler.o
 .text.softdevice_ble_evt_handler_set
                0x00000000       0x14 _build/softdevice_handler.o
 .text.softdevice_sys_evt_handler_set
                0x00000000       0x14 _build/softdevice_handler.o
 .data          0x00000000        0x0 _build/gcc_startup_nrf51.o
 .bss           0x00000000        0x0 _build/gcc_startup_nrf51.o
 .text          0x00000000        0x0 /home/marco/ARMToolchain/gcc-arm-none-eabi-4_9-2015q2/bin/../lib/gcc/arm-none-eabi/4.9.3/../../../../arm-none-eabi/lib/armv6-m/libc_nano.a(lib_a-memcpy.o)
 .data          0x00000000        0x0 /home/marco/ARMToolchain/gcc-arm-none-eabi-4_9-2015q2/bin/../lib/gcc/arm-none-eabi/4.9.3/../../../../arm-none-eabi/lib/armv6-m/libc_nano.a(lib_a-memcpy.o)
 .bss           0x00000000        0x0 /home/marco/ARMToolchain/gcc-arm-none-eabi-4_9-2015q2/bin/../lib/gcc/arm-none-eabi/4.9.3/../../../../arm-none-eabi/lib/armv6-m/libc_nano.a(lib_a-memcpy.o)
 .text          0x00000000        0x0 /home/marco/ARMToolchain/gcc-arm-none-eabi-4_9-2015q2/bin/../lib/gcc/arm-none-eabi/4.9.3/../../../../arm-none-eabi/lib/armv6-m/libc_nano.a(lib_a-strlen.o)
 .data          0x00000000        0x0 /home/marco/ARMToolchain/gcc-arm-none-eabi-4_9-2015q2/bin/../lib/gcc/arm-none-eabi/4.9.3/../../../../arm-none-eabi/lib/armv6-m/libc_nano.a(lib_a-strlen.o)
 .bss           0x00000000        0x0 /home/marco/ARMToolchain/gcc-arm-none-eabi-4_9-2015q2/bin/../lib/gcc/arm-none-eabi/4.9.3/../../../../arm-none-eabi/lib/armv6-m/libc_nano.a(lib_a-strlen.o)
 .text          0x00000000        0x0 /home/marco/ARMToolchain/gcc-arm-none-eabi-4_9-2015q2/bin/../lib/gcc/arm-none-eabi/4.9.3/armv6-m/crtend.o
 .data          0x00000000        0x0 /home/marco/ARMToolchain/gcc-arm-none-eabi-4_9-2015q2/bin/../lib/gcc/arm-none-eabi/4.9.3/armv6-m/crtend.o
 .bss           0x00000000        0x0 /home/marco/ARMToolchain/gcc-arm-none-eabi-4_9-2015q2/bin/../lib/gcc/arm-none-eabi/4.9.3/armv6-m/crtend.o
 .text          0x00000000        0x0 /home/marco/ARMToolchain/gcc-arm-none-eabi-4_9-2015q2/bin/../lib/gcc/arm-none-eabi/4.9.3/armv6-m/crtn.o
 .data          0x00000000        0x0 /home/marco/ARMToolchain/gcc-arm-none-eabi-4_9-2015q2/bin/../lib/gcc/arm-none-eabi/4.9.3/armv6-m/crtn.o
 .bss           0x00000000        0x0 /home/marco/ARMToolchain/gcc-arm-none-eabi-4_9-2015q2/bin/../lib/gcc/arm-none-eabi/4.9.3/armv6-m/crtn.o

Memory Configuration

Name             Origin             Length             Attributes
FLASH            0x0001b000         0x00024000         xr
RAM              0x20002800         0x00005800         xrw
*default*        0x00000000         0xffffffff

Linker script and memory map

LOAD /home/marco/ARMToolchain/gcc-arm-none-eabi-4_9-2015q2/bin/../lib/gcc/arm-none-eabi/4.9.3/armv6-m/crti.o
LOAD /home/marco/ARMToolchain/gcc-arm-none-eabi-4_9-2015q2/bin/../lib/gcc/arm-none-eabi/4.9.3/armv6-m/crtbegin.o
LOAD /home/marco/ARMToolchain/gcc-arm-none-eabi-4_9-2015q2/bin/../lib/gcc/arm-none-eabi/4.9.3/../../../../arm-none-eabi/lib/armv6-m/crt0.o
LOAD /home/marco/ARMToolchain/gcc-arm-none-eabi-4_9-2015q2/bin/../lib/gcc/arm-none-eabi/4.9.3/../../../../arm-none-eabi/lib/armv6-m/libc_nano.a
LOAD /home/marco/ARMToolchain/gcc-arm-none-eabi-4_9-2015q2/bin/../lib/gcc/arm-none-eabi/4.9.3/../../../../arm-none-eabi/lib/armv6-m/libnosys.a
LOAD _build/main.o
LOAD _build/uart.o
LOAD _build/mpu6050.o
LOAD _build/broadcaster.o
LOAD _build/application.o
LOAD _build/app_error.o
LOAD _build/app_error_weak.o
LOAD _build/app_timer.o
LOAD _build/nrf_assert.o
LOAD _build/app_fifo.o
LOAD _build/app_twi.o
LOAD _build/app_util_platform.o
LOAD _build/nrf_delay.o
LOAD _build/app_uart_fifo.o
LOAD _build/nrf_drv_clock.o
LOAD _build/nrf_drv_common.o
LOAD _build/nrf_drv_gpiote.o
LOAD _build/nrf_drv_timer.o
LOAD _build/nrf_drv_rtc.o
LOAD _build/nrf_drv_twi.o
LOAD _build/nrf_drv_uart.o
LOAD _build/ble_conn_params.o
LOAD _build/ble_srv_common.o
LOAD _build/system_nrf51.o
LOAD _build/nrf_soc.o
LOAD _build/softdevice_handler.o
LOAD _build/gcc_startup_nrf51.o
START GROUP
LOAD /home/marco/ARMToolchain/gcc-arm-none-eabi-4_9-2015q2/bin/../lib/gcc/arm-none-eabi/4.9.3/armv6-m/libgcc.a
LOAD /home/marco/ARMToolchain/gcc-arm-none-eabi-4_9-2015q2/bin/../lib/gcc/arm-none-eabi/4.9.3/../../../../arm-none-eabi/lib/armv6-m/libc_nano.a
END GROUP
START GROUP
LOAD /home/marco/ARMToolchain/gcc-arm-none-eabi-4_9-2015q2/bin/../lib/gcc/arm-none-eabi/4.9.3/armv6-m/libgcc.a
LOAD /home/marco/ARMToolchain/gcc-arm-none-eabi-4_9-2015q2/bin/../lib/gcc/arm-none-eabi/4.9.3/../../../../arm-none-eabi/lib/armv6-m/libc_nano.a
END GROUP
LOAD /home/marco/ARMToolchain/gcc-arm-none-eabi-4_9-2015q2/bin/../lib/gcc/arm-none-eabi/4.9.3/armv6-m/crtend.o
LOAD /home/marco/ARMToolchain/gcc-arm-none-eabi-4_9-2015q2/bin/../lib/gcc/arm-none-eabi/4.9.3/armv6-m/crtn.o
START GROUP
LOAD /home/marco/ARMToolchain/gcc-arm-none-eabi-4_9-2015q2/bin/../lib/gcc/arm-none-eabi/4.9.3/armv6-m/libgcc.a
LOAD /home/marco/ARMToolchain/gcc-arm-none-eabi-4_9-2015q2/bin/../lib/gcc/arm-none-eabi/4.9.3/../../../../arm-none-eabi/lib/armv6-m/libc.a
LOAD /home/marco/ARMToolchain/gcc-arm-none-eabi-4_9-2015q2/bin/../lib/gcc/arm-none-eabi/4.9.3/../../../../arm-none-eabi/lib/armv6-m/libnosys.a
END GROUP

.fs_data_out    0x00000000        0x0
                0x00000000                PROVIDE (__start_fs_data, .)
 *(fs_data)
                0x00000000                PROVIDE (__stop_fs_data, .)

.text           0x0001b000     0x26e0
 *(.isr_vector)
 .isr_vector    0x0001b000       0xc0 _build/gcc_startup_nrf51.o
                0x0001b000                __isr_vector
 *(.text*)
 .text          0x0001b0c0       0x60 /home/marco/ARMToolchain/gcc-arm-none-eabi-4_9-2015q2/bin/../lib/gcc/arm-none-eabi/4.9.3/armv6-m/crtbegin.o
 .text          0x0001b120       0x78 /home/marco/ARMToolchain/gcc-arm-none-eabi-4_9-2015q2/bin/../lib/gcc/arm-none-eabi/4.9.3/../../../../arm-none-eabi/lib/armv6-m/crt0.o
                0x0001b120                _mainCRTStartup
                0x0001b120                _start
 .text.exit     0x0001b198       0x2c /home/marco/ARMToolchain/gcc-arm-none-eabi-4_9-2015q2/bin/../lib/gcc/arm-none-eabi/4.9.3/../../../../arm-none-eabi/lib/armv6-m/libc_nano.a(lib_a-exit.o)
                0x0001b198                exit
 .text.__libc_init_array
                0x0001b1c4       0x4c /home/marco/ARMToolchain/gcc-arm-none-eabi-4_9-2015q2/bin/../lib/gcc/arm-none-eabi/4.9.3/../../../../arm-none-eabi/lib/armv6-m/libc_nano.a(lib_a-init.o)
                0x0001b1c4                __libc_init_array
 .text.memset   0x0001b210       0x10 /home/marco/ARMToolchain/gcc-arm-none-eabi-4_9-2015q2/bin/../lib/gcc/arm-none-eabi/4.9.3/../../../../arm-none-eabi/lib/armv6-m/libc_nano.a(lib_a-memset.o)
                0x0001b210                memset
 .text._exit    0x0001b220        0x4 /home/marco/ARMToolchain/gcc-arm-none-eabi-4_9-2015q2/bin/../lib/gcc/arm-none-eabi/4.9.3/../../../../arm-none-eabi/lib/armv6-m/libnosys.a(_exit.o)
                0x0001b220                _exit
 .text.sd_app_evt_wait
                0x0001b224        0x4 _build/main.o
 .text.startup.main
                0x0001b228       0x34 _build/main.o
                0x0001b228                main
 .text.bust_read_cb
                0x0001b25c       0x4c _build/mpu6050.o
 .text.mpu6050_start_burst_read
                0x0001b2a8       0x20 _build/mpu6050.o
                0x0001b2a8                mpu6050_start_burst_read
 .text.mpu6050_init
                0x0001b2c8       0x9c _build/mpu6050.o
                0x0001b2c8                mpu6050_init
 .text.sd_ble_gap_adv_data_set
                0x0001b364        0x4 _build/broadcaster.o
 .text.sd_ble_gap_adv_start
                0x0001b368        0x4 _build/broadcaster.o
 .text.sd_ble_gap_adv_stop
                0x0001b36c        0x4 _build/broadcaster.o
 .text.sd_ble_gap_device_name_set
                0x0001b370        0x4 _build/broadcaster.o
 .text.broadcaster_update
                0x0001b374       0x54 _build/broadcaster.o
                0x0001b374                broadcaster_update
 .text.broadcaster_init
                0x0001b3c8      0x104 _build/broadcaster.o
                0x0001b3c8                broadcaster_init
 .text.mpu6050_burst_read_callback
                0x0001b4cc      0x140 _build/application.o
 .text.update_timeout_handler
                0x0001b60c       0x74 _build/application.o
 .text.read_timeout_handler
                0x0001b680        0x8 _build/application.o
 .text.application_init
                0x0001b688       0x88 _build/application.o
                0x0001b688                application_init
 .text.application_run
                0x0001b710        0x4 _build/application.o
                0x0001b710                application_run
 .text.app_error_handler_bare
                0x0001b714       0x20 _build/app_error.o
                0x0001b714                app_error_handler_bare
 .text.app_error_fault_handler
                0x0001b734       0x1c _build/app_error_weak.o
                0x0001b734                app_error_fault_handler
 .text.rtc1_stop
                0x0001b750       0x78 _build/app_timer.o
 .text.RTC1_IRQHandler
                0x0001b7c8       0xdc _build/app_timer.o
                0x0001b7c8                RTC1_IRQHandler
 .text.SWI0_IRQHandler
                0x0001b8a4      0x448 _build/app_timer.o
                0x0001b8a4                SWI0_IRQHandler
 .text.app_timer_init
                0x0001bcec       0xe4 _build/app_timer.o
                0x0001bcec                app_timer_init
 .text.app_timer_create
                0x0001bdd0       0x34 _build/app_timer.o
                0x0001bdd0                app_timer_create
 .text.app_timer_start
                0x0001be04       0xf8 _build/app_timer.o
                0x0001be04                app_timer_start
 .text.internal_transaction_cb
                0x0001befc        0xc _build/app_twi.o
 .text.start_pending_transaction
                0x0001bf08      0x14c _build/app_twi.o
 .text.twi_event_handler
                0x0001c054       0xe8 _build/app_twi.o
 .text.app_twi_init
                0x0001c13c       0x40 _build/app_twi.o
                0x0001c13c                app_twi_init
 .text.app_twi_schedule
                0x0001c17c       0x6c _build/app_twi.o
                0x0001c17c                app_twi_schedule
 .text.app_twi_perform
                0x0001c1e8       0xc8 _build/app_twi.o
                0x0001c1e8                app_twi_perform
 .text.app_util_critical_region_enter
                0x0001c2b0       0x40 _build/app_util_platform.o
                0x0001c2b0                app_util_critical_region_enter
 .text.app_util_critical_region_exit
                0x0001c2f0       0x2c _build/app_util_platform.o
                0x0001c2f0                app_util_critical_region_exit
 .text.nrf_delay_ms
                0x0001c31c       0x3c _build/nrf_delay.o
                0x0001c31c                nrf_delay_ms
 .text.nrf_drv_clock_on_soc_event
                0x0001c358       0x24 _build/nrf_drv_clock.o
                0x0001c358                nrf_drv_clock_on_soc_event
 .text.nrf_drv_common_irq_enable
                0x0001c37c       0x80 _build/nrf_drv_common.o
                0x0001c37c                nrf_drv_common_irq_enable
 .text.GPIOTE_IRQHandler
                0x0001c3fc      0x2a8 _build/nrf_drv_gpiote.o
                0x0001c3fc                GPIOTE_IRQHandler
 .text.TIMER0_IRQHandler
                0x0001c6a4       0xb4 _build/nrf_drv_timer.o
                0x0001c6a4                TIMER0_IRQHandler
 .text.twi_transfer
                0x0001c758      0x110 _build/nrf_drv_twi.o
 .text.twi_rx_start_transfer
                0x0001c868      0x170 _build/nrf_drv_twi.o
 .text.nrf_drv_twi_init
                0x0001c9d8      0x1e0 _build/nrf_drv_twi.o
                0x0001c9d8                nrf_drv_twi_init
 .text.nrf_drv_twi_enable
                0x0001cbb8       0x24 _build/nrf_drv_twi.o
                0x0001cbb8                nrf_drv_twi_enable
 .text.nrf_drv_twi_xfer
                0x0001cbdc      0x1ac _build/nrf_drv_twi.o
                0x0001cbdc                nrf_drv_twi_xfer
 .text.SPI0_TWI0_IRQHandler
                0x0001cd88      0x364 _build/nrf_drv_twi.o
                0x0001cd88                SPI0_TWI0_IRQHandler
 .text.UART0_IRQHandler
                0x0001d0ec      0x1a8 _build/nrf_drv_uart.o
                0x0001d0ec                UART0_IRQHandler
 .text.SystemInit
                0x0001d294       0xec _build/system_nrf51.o
                0x0001d294                SystemInit
 .text.sd_evt_get
                0x0001d380        0x4 _build/softdevice_handler.o
 .text.sd_softdevice_enable
                0x0001d384        0x4 _build/softdevice_handler.o
 .text.sd_ble_enable
                0x0001d388        0x4 _build/softdevice_handler.o
 .text.sd_ble_evt_get
                0x0001d38c        0x4 _build/softdevice_handler.o
 .text.softdevice_fault_handler
                0x0001d390        0x8 _build/softdevice_handler.o
                0x0001d390                softdevice_fault_handler
 .text.intern_softdevice_events_execute.part.0
                0x0001d398       0xd4 _build/softdevice_handler.o
 .text.softdevice_handler_init
                0x0001d46c       0x7c _build/softdevice_handler.o
                0x0001d46c                softdevice_handler_init
 .text.SWI2_IRQHandler
                0x0001d4e8       0x30 _build/softdevice_handler.o
                0x0001d4e8                SWI2_IRQHandler
 .text.softdevice_enable_get_default_config
                0x0001d518       0x30 _build/softdevice_handler.o
                0x0001d518                softdevice_enable_get_default_config
 .text.sd_check_ram_start
                0x0001d548       0x14 _build/softdevice_handler.o
                0x0001d548                sd_check_ram_start
 .text.softdevice_enable
                0x0001d55c       0x1c _build/softdevice_handler.o
                0x0001d55c                softdevice_enable
 .text          0x0001d578       0x4c _build/gcc_startup_nrf51.o
                0x0001d578                Reset_Handler
                0x0001d5b8                NMI_Handler
                0x0001d5ba                HardFault_Handler
                0x0001d5bc                SVC_Handler
                0x0001d5be                PendSV_Handler
                0x0001d5c0                SysTick_Handler
                0x0001d5c2                TIMER2_IRQHandler
                0x0001d5c2                RTC0_IRQHandler
                0x0001d5c2                POWER_CLOCK_IRQHandler
                0x0001d5c2                RADIO_IRQHandler
                0x0001d5c2                LPCOMP_IRQHandler
                0x0001d5c2                SWI4_IRQHandler
                0x0001d5c2                TEMP_IRQHandler
                0x0001d5c2                QDEC_IRQHandler
                0x0001d5c2                SWI5_IRQHandler
                0x0001d5c2                TIMER1_IRQHandler
                0x0001d5c2                ECB_IRQHandler
                0x0001d5c2                Default_Handler
                0x0001d5c2                ADC_IRQHandler
                0x0001d5c2                SWI3_IRQHandler
                0x0001d5c2                CCM_AAR_IRQHandler
                0x0001d5c2                WDT_IRQHandler
                0x0001d5c2                RNG_IRQHandler
                0x0001d5c2                SPI1_TWI1_IRQHandler
                0x0001d5c2                SWI1_IRQHandler
 .text.memcpy   0x0001d5c4       0x12 /home/marco/ARMToolchain/gcc-arm-none-eabi-4_9-2015q2/bin/../lib/gcc/arm-none-eabi/4.9.3/../../../../arm-none-eabi/lib/armv6-m/libc_nano.a(lib_a-memcpy.o)
                0x0001d5c4                memcpy
 .text.strlen   0x0001d5d6        0xe /home/marco/ARMToolchain/gcc-arm-none-eabi-4_9-2015q2/bin/../lib/gcc/arm-none-eabi/4.9.3/../../../../arm-none-eabi/lib/armv6-m/libc_nano.a(lib_a-strlen.o)
                0x0001d5d6                strlen
 *(.init)
 .init          0x0001d5e4        0x4 /home/marco/ARMToolchain/gcc-arm-none-eabi-4_9-2015q2/bin/../lib/gcc/arm-none-eabi/4.9.3/armv6-m/crti.o
                0x0001d5e4                _init
 .init          0x0001d5e8        0x8 /home/marco/ARMToolchain/gcc-arm-none-eabi-4_9-2015q2/bin/../lib/gcc/arm-none-eabi/4.9.3/armv6-m/crtn.o
 *(.fini)
 .fini          0x0001d5f0        0x4 /home/marco/ARMToolchain/gcc-arm-none-eabi-4_9-2015q2/bin/../lib/gcc/arm-none-eabi/4.9.3/armv6-m/crti.o
                0x0001d5f0                _fini
 .fini          0x0001d5f4        0x8 /home/marco/ARMToolchain/gcc-arm-none-eabi-4_9-2015q2/bin/../lib/gcc/arm-none-eabi/4.9.3/armv6-m/crtn.o
 *crtbegin.o(.ctors)
 *crtbegin?.o(.ctors)
 *(EXCLUDE_FILE(*crtend.o *crtend?.o) .ctors)
 *(SORT(.ctors.*))
 *(.ctors)
 *crtbegin.o(.dtors)
 *crtbegin?.o(.dtors)
 *(EXCLUDE_FILE(*crtend.o *crtend?.o) .dtors)
 *(SORT(.dtors.*))
 *(.dtors)
 *(.rodata*)
 .rodata.str1.1
                0x0001d5fc        0x2 /home/marco/ARMToolchain/gcc-arm-none-eabi-4_9-2015q2/bin/../lib/gcc/arm-none-eabi/4.9.3/../../../../arm-none-eabi/lib/armv6-m/libc_nano.a(lib_a-impure.o)
 *fill*         0x0001d5fe        0x2 
 .rodata._global_impure_ptr
                0x0001d600        0x4 /home/marco/ARMToolchain/gcc-arm-none-eabi-4_9-2015q2/bin/../lib/gcc/arm-none-eabi/4.9.3/../../../../arm-none-eabi/lib/armv6-m/libc_nano.a(lib_a-impure.o)
                0x0001d600                _global_impure_ptr
 .rodata        0x0001d604       0x10 _build/mpu6050.o
 .rodata.transf_power_mng2_data
                0x0001d614        0x2 _build/mpu6050.o
 *fill*         0x0001d616        0x2 
 .rodata.transf_signal_path_reset_data
                0x0001d618        0x2 _build/mpu6050.o
 .rodata.xout_high_reg_addr
                0x0001d61a        0x1 _build/mpu6050.o
 *fill*         0x0001d61b        0x1 
 .rodata.mpu6050_whoami_transfers
                0x0001d61c       0x10 _build/mpu6050.o
 .rodata.who_am_i_reg_addr
                0x0001d62c        0x1 _build/mpu6050.o
 *fill*         0x0001d62d        0x3 
 .rodata.transf_power_mng1_data
                0x0001d630        0x2 _build/mpu6050.o
 *fill*         0x0001d632        0x2 
 .rodata.transf_config_data
                0x0001d634        0x2 _build/mpu6050.o
 *fill*         0x0001d636        0x2 
 .rodata.transf_acc_config_data
                0x0001d638        0x2 _build/mpu6050.o
 *fill*         0x0001d63a        0x2 
 .rodata.transaction.7196
                0x0001d63c       0x10 _build/mpu6050.o
 .rodata.transfers.7195
                0x0001d64c       0x10 _build/mpu6050.o
 .rodata.mpu6050_init_transfers
                0x0001d65c       0x28 _build/mpu6050.o
 .rodata        0x0001d684        0x4 _build/broadcaster.o
 .rodata.preamble_adv
                0x0001d688       0x1b _build/broadcaster.o
 *fill*         0x0001d6a3        0x1 
 .rodata.CSWTCH.6
                0x0001d6a4       0x20 _build/application.o
 .rodata.ble_update_trigger
                0x0001d6c4        0x4 _build/application.o
 .rodata.read_trigger
                0x0001d6c8        0x4 _build/application.o
 .rodata.m_default_config
                0x0001d6cc       0x10 _build/nrf_drv_twi.o
 *(.eh_frame*)
 .eh_frame      0x0001d6dc        0x0 /home/marco/ARMToolchain/gcc-arm-none-eabi-4_9-2015q2/bin/../lib/gcc/arm-none-eabi/4.9.3/armv6-m/crtbegin.o
 .eh_frame      0x0001d6dc        0x4 /home/marco/ARMToolchain/gcc-arm-none-eabi-4_9-2015q2/bin/../lib/gcc/arm-none-eabi/4.9.3/armv6-m/crtend.o

.glue_7         0x0001d6e0        0x0
 .glue_7        0x00000000        0x0 linker stubs

.glue_7t        0x0001d6e0        0x0
 .glue_7t       0x00000000        0x0 linker stubs

.vfp11_veneer   0x0001d6e0        0x0
 .vfp11_veneer  0x00000000        0x0 linker stubs

.v4_bx          0x0001d6e0        0x0
 .v4_bx         0x00000000        0x0 linker stubs

.iplt           0x0001d6e0        0x0
 .iplt          0x00000000        0x0 /home/marco/ARMToolchain/gcc-arm-none-eabi-4_9-2015q2/bin/../lib/gcc/arm-none-eabi/4.9.3/armv6-m/crtbegin.o

.ARM.extab
 *(.ARM.extab* .gnu.linkonce.armextab.*)
                0x0001d6e0                __exidx_start = .

.ARM.exidx      0x0001d6e0        0x8
 *(.ARM.exidx* .gnu.linkonce.armexidx.*)
 .ARM.exidx     0x0001d6e0        0x8 /home/marco/ARMToolchain/gcc-arm-none-eabi-4_9-2015q2/bin/../lib/gcc/arm-none-eabi/4.9.3/../../../../arm-none-eabi/lib/armv6-m/crt0.o
                0x0001d6e8                __exidx_end = .
                0x0001d6e8                __etext = .

.rel.dyn        0x0001d6e8        0x0
 .rel.iplt      0x00000000        0x0 /home/marco/ARMToolchain/gcc-arm-none-eabi-4_9-2015q2/bin/../lib/gcc/arm-none-eabi/4.9.3/armv6-m/crtbegin.o

.data           0x20002800       0x94 load address 0x0001d6e8
                0x20002800                __data_start__ = .
 *(vtable)
 *(.data*)
 .data.impure_data
                0x20002800       0x60 /home/marco/ARMToolchain/gcc-arm-none-eabi-4_9-2015q2/bin/../lib/gcc/arm-none-eabi/4.9.3/../../../../arm-none-eabi/lib/armv6-m/libc_nano.a(lib_a-impure.o)
 .data.m_app_twi
                0x20002860       0x18 _build/mpu6050.o
 .data.device_name
                0x20002878        0xf _build/broadcaster.o
                0x20002888                . = ALIGN (0x4)
 *fill*         0x20002887        0x1 
                0x20002888                PROVIDE (__preinit_array_start, .)
 *(.preinit_array)
                0x20002888                PROVIDE (__preinit_array_end, .)
                0x20002888                . = ALIGN (0x4)
                0x20002888                PROVIDE (__init_array_start, .)
 *(SORT(.init_array.*))
 *(.init_array)
 .init_array    0x20002888        0x4 /home/marco/ARMToolchain/gcc-arm-none-eabi-4_9-2015q2/bin/../lib/gcc/arm-none-eabi/4.9.3/armv6-m/crtbegin.o
                0x2000288c                PROVIDE (__init_array_end, .)
                0x2000288c                . = ALIGN (0x4)
                0x2000288c                PROVIDE (__fini_array_start, .)
 *(SORT(.fini_array.*))
 *(.fini_array)
 .fini_array    0x2000288c        0x4 /home/marco/ARMToolchain/gcc-arm-none-eabi-4_9-2015q2/bin/../lib/gcc/arm-none-eabi/4.9.3/armv6-m/crtbegin.o
                0x20002890                PROVIDE (__fini_array_end, .)
 *(.jcr*)
 .jcr           0x20002890        0x0 /home/marco/ARMToolchain/gcc-arm-none-eabi-4_9-2015q2/bin/../lib/gcc/arm-none-eabi/4.9.3/armv6-m/crtbegin.o
 .jcr           0x20002890        0x4 /home/marco/ARMToolchain/gcc-arm-none-eabi-4_9-2015q2/bin/../lib/gcc/arm-none-eabi/4.9.3/armv6-m/crtend.o
                0x20002894                . = ALIGN (0x4)
                0x20002894                __data_end__ = .

.igot.plt       0x20002894        0x0 load address 0x0001d77c
 .igot.plt      0x00000000        0x0 /home/marco/ARMToolchain/gcc-arm-none-eabi-4_9-2015q2/bin/../lib/gcc/arm-none-eabi/4.9.3/armv6-m/crtbegin.o

.bss            0x20002894      0x3d8 load address 0x0001d77c
                0x20002894                . = ALIGN (0x4)
                0x20002894                __bss_start__ = .
 *(.bss*)
 .bss           0x20002894       0x1c /home/marco/ARMToolchain/gcc-arm-none-eabi-4_9-2015q2/bin/../lib/gcc/arm-none-eabi/4.9.3/armv6-m/crtbegin.o
 .bss.APP_TIMER_BUF.8286
                0x200028b0      0x1c8 _build/main.o
 .bss.final_values
                0x20002a78        0x8 _build/mpu6050.o
 .bss.m_buffer  0x20002a80        0x8 _build/mpu6050.o
 .bss.queue_buffer.7189
                0x20002a88       0x18 _build/mpu6050.o
 .bss.app_burst_read_handler
                0x20002aa0        0x4 _build/mpu6050.o
 .bss.BLE_EVT_BUFFER.8328
                0x20002aa4       0x48 _build/broadcaster.o
 .bss.m_adv_params
                0x20002aec       0x18 _build/broadcaster.o
 .bss.ble_update_trigger_data
                0x20002b04       0x20 _build/application.o
 .bss.motion_temp_values
                0x20002b24        0x8 _build/application.o
 .bss.read_trigger_data
                0x20002b2c       0x20 _build/application.o
 .bss.m_ticks_latest
                0x20002b4c        0x4 _build/app_timer.o
 .bss.mp_timer_id_head
                0x20002b50        0x4 _build/app_timer.o
 .bss.m_evt_schedule_func
                0x20002b54        0x4 _build/app_timer.o
 .bss.m_user_array_size
                0x20002b58        0x1 _build/app_timer.o
 *fill*         0x20002b59        0x3 
 .bss.mp_users  0x20002b5c        0x4 _build/app_timer.o
 .bss.m_ticks_elapsed_q_read_ind
                0x20002b60        0x1 _build/app_timer.o
 .bss.m_ticks_elapsed_q_write_ind
                0x20002b61        0x1 _build/app_timer.o
 .bss.m_rtc1_reset
                0x20002b62        0x1 _build/app_timer.o
 *fill*         0x20002b63        0x1 
 .bss.m_ticks_elapsed
                0x20002b64        0x8 _build/app_timer.o
 .bss.m_rtc1_running
                0x20002b6c        0x1 _build/app_timer.o
 *fill*         0x20002b6d        0x3 
 .bss.m_clock_cb
                0x20002b70        0xc _build/nrf_drv_clock.o
 .bss.m_cb      0x20002b7c       0x48 _build/nrf_drv_gpiote.o
 .bss.m_cb      0x20002bc4        0xc _build/nrf_drv_timer.o
 .bss.m_cb      0x20002bd0       0x28 _build/nrf_drv_twi.o
 .bss.m_cb      0x20002bf8       0x1c _build/nrf_drv_uart.o
 .bss.m_softdevice_enabled
                0x20002c14        0x1 _build/softdevice_handler.o
 *fill*         0x20002c15        0x1 
 .bss.m_ble_evt_buffer_size
                0x20002c16        0x2 _build/softdevice_handler.o
 .bss.mp_ble_evt_buffer
                0x20002c18        0x4 _build/softdevice_handler.o
 .bss.m_sys_evt_handler
                0x20002c1c        0x4 _build/softdevice_handler.o
 .bss.m_ble_evt_handler
                0x20002c20        0x4 _build/softdevice_handler.o
 .bss.m_evt_schedule_func
                0x20002c24        0x4 _build/softdevice_handler.o
 *(COMMON)
 COMMON         0x20002c28       0x3b _build/broadcaster.o
                0x20002c28                scan_resp_data
                0x20002c48                adv_data
 *fill*         0x20002c63        0x1 
 COMMON         0x20002c64        0x8 _build/softdevice_handler.o
                0x20002c64                nrf_nvic_state
                0x20002c6c                . = ALIGN (0x4)
                0x20002c6c                __bss_end__ = .

.heap           0x20002c70      0x800
                0x20002c70                __end__ = .
                0x20002c70                PROVIDE (end, .)
 *(.heap*)
 .heap          0x20002c70      0x800 _build/gcc_startup_nrf51.o
                0x20002c70                __HeapBase
                0x20003470                __HeapLimit = .

.stack_dummy    0x20002c70      0x800
 *(.stack*)
 .stack         0x20002c70      0x800 _build/gcc_startup_nrf51.o
                0x20008000                __StackTop = (ORIGIN (RAM) + 0x5800)
                0x20007800                __StackLimit = (__StackTop - SIZEOF (.stack_dummy))
                0x20008000                PROVIDE (__stack, __StackTop)
                0x00000001                ASSERT ((__StackLimit >= __HeapLimit), region RAM overflowed with stack)
OUTPUT(_build/ble_cube_s130.out elf32-littlearm)

.ARM.attributes
                0x00000000       0x28
 .ARM.attributes
                0x00000000       0x1e /home/marco/ARMToolchain/gcc-arm-none-eabi-4_9-2015q2/bin/../lib/gcc/arm-none-eabi/4.9.3/armv6-m/crti.o
 .ARM.attributes
                0x0000001e       0x2c /home/marco/ARMToolchain/gcc-arm-none-eabi-4_9-2015q2/bin/../lib/gcc/arm-none-eabi/4.9.3/armv6-m/crtbegin.o
 .ARM.attributes
                0x0000004a       0x1b /home/marco/ARMToolchain/gcc-arm-none-eabi-4_9-2015q2/bin/../lib/gcc/arm-none-eabi/4.9.3/../../../../arm-none-eabi/lib/armv6-m/crt0.o
 .ARM.attributes
                0x00000065       0x2c /home/marco/ARMToolchain/gcc-arm-none-eabi-4_9-2015q2/bin/../lib/gcc/arm-none-eabi/4.9.3/../../../../arm-none-eabi/lib/armv6-m/libc_nano.a(lib_a-exit.o)
 .ARM.attributes
                0x00000091       0x2c /home/marco/ARMToolchain/gcc-arm-none-eabi-4_9-2015q2/bin/../lib/gcc/arm-none-eabi/4.9.3/../../../../arm-none-eabi/lib/armv6-m/libc_nano.a(lib_a-impure.o)
 .ARM.attributes
                0x000000bd       0x2c /home/marco/ARMToolchain/gcc-arm-none-eabi-4_9-2015q2/bin/../lib/gcc/arm-none-eabi/4.9.3/../../../../arm-none-eabi/lib/armv6-m/libc_nano.a(lib_a-init.o)
 .ARM.attributes
                0x000000e9       0x2c /home/marco/ARMToolchain/gcc-arm-none-eabi-4_9-2015q2/bin/../lib/gcc/arm-none-eabi/4.9.3/../../../../arm-none-eabi/lib/armv6-m/libc_nano.a(lib_a-memset.o)
 .ARM.attributes
                0x00000115       0x2c /home/marco/ARMToolchain/gcc-arm-none-eabi-4_9-2015q2/bin/../lib/gcc/arm-none-eabi/4.9.3/../../../../arm-none-eabi/lib/armv6-m/libnosys.a(_exit.o)
 .ARM.attributes
                0x00000141       0x31 _build/main.o
 .ARM.attributes
                0x00000172       0x31 _build/mpu6050.o
 .ARM.attributes
                0x000001a3       0x31 _build/broadcaster.o
 .ARM.attributes
                0x000001d4       0x31 _build/application.o
 .ARM.attributes
                0x00000205       0x31 _build/app_error.o
 .ARM.attributes
                0x00000236       0x31 _build/app_error_weak.o
 .ARM.attributes
                0x00000267       0x31 _build/app_timer.o
 .ARM.attributes
                0x00000298       0x31 _build/app_twi.o
 .ARM.attributes
                0x000002c9       0x31 _build/app_util_platform.o
 .ARM.attributes
                0x000002fa       0x31 _build/nrf_delay.o
 .ARM.attributes
                0x0000032b       0x31 _build/nrf_drv_clock.o
 .ARM.attributes
                0x0000035c       0x31 _build/nrf_drv_common.o
 .ARM.attributes
                0x0000038d       0x31 _build/nrf_drv_gpiote.o
 .ARM.attributes
                0x000003be       0x31 _build/nrf_drv_timer.o
 .ARM.attributes
                0x000003ef       0x31 _build/nrf_drv_twi.o
 .ARM.attributes
                0x00000420       0x31 _build/nrf_drv_uart.o
 .ARM.attributes
                0x00000451       0x31 _build/system_nrf51.o
 .ARM.attributes
                0x00000482       0x31 _build/softdevice_handler.o
 .ARM.attributes
                0x000004b3       0x1b _build/gcc_startup_nrf51.o
 .ARM.attributes
                0x000004ce       0x2c /home/marco/ARMToolchain/gcc-arm-none-eabi-4_9-2015q2/bin/../lib/gcc/arm-none-eabi/4.9.3/../../../../arm-none-eabi/lib/armv6-m/libc_nano.a(lib_a-memcpy.o)
 .ARM.attributes
                0x000004fa       0x2c /home/marco/ARMToolchain/gcc-arm-none-eabi-4_9-2015q2/bin/../lib/gcc/arm-none-eabi/4.9.3/../../../../arm-none-eabi/lib/armv6-m/libc_nano.a(lib_a-strlen.o)
 .ARM.attributes
                0x00000526       0x2c /home/marco/ARMToolchain/gcc-arm-none-eabi-4_9-2015q2/bin/../lib/gcc/arm-none-eabi/4.9.3/armv6-m/crtend.o
 .ARM.attributes
                0x00000552       0x1e /home/marco/ARMToolchain/gcc-arm-none-eabi-4_9-2015q2/bin/../lib/gcc/arm-none-eabi/4.9.3/armv6-m/crtn.o

.comment        0x00000000       0x70
 .comment       0x00000000       0x70 _build/main.o
                                 0x71 (size before relaxing)
 .comment       0x00000000       0x71 _build/mpu6050.o
 .comment       0x00000000       0x71 _build/broadcaster.o
 .comment       0x00000000       0x71 _build/application.o
 .comment       0x00000000       0x71 _build/app_error.o
 .comment       0x00000000       0x71 _build/app_error_weak.o
 .comment       0x00000000       0x71 _build/app_timer.o
 .comment       0x00000000       0x71 _build/app_twi.o
 .comment       0x00000000       0x71 _build/app_util_platform.o
 .comment       0x00000000       0x71 _build/nrf_delay.o
 .comment       0x00000000       0x71 _build/nrf_drv_clock.o
 .comment       0x00000000       0x71 _build/nrf_drv_common.o
 .comment       0x00000000       0x71 _build/nrf_drv_gpiote.o
 .comment       0x00000000       0x71 _build/nrf_drv_timer.o
 .comment       0x00000000       0x71 _build/nrf_drv_twi.o
 .comment       0x00000000       0x71 _build/nrf_drv_uart.o
 .comment       0x00000000       0x71 _build/system_nrf51.o
 .comment       0x00000000       0x71 _build/softdevice_handler.o

.debug_frame    0x00000000       0xdc
 .debug_frame   0x00000000       0x28 /home/marco/ARMToolchain/gcc-arm-none-eabi-4_9-2015q2/bin/../lib/gcc/arm-none-eabi/4.9.3/../../../../arm-none-eabi/lib/armv6-m/libc_nano.a(lib_a-exit.o)
 .debug_frame   0x00000028       0x2c /home/marco/ARMToolchain/gcc-arm-none-eabi-4_9-2015q2/bin/../lib/gcc/arm-none-eabi/4.9.3/../../../../arm-none-eabi/lib/armv6-m/libc_nano.a(lib_a-init.o)
 .debug_frame   0x00000054       0x20 /home/marco/ARMToolchain/gcc-arm-none-eabi-4_9-2015q2/bin/../lib/gcc/arm-none-eabi/4.9.3/../../../../arm-none-eabi/lib/armv6-m/libc_nano.a(lib_a-memset.o)
 .debug_frame   0x00000074       0x20 /home/marco/ARMToolchain/gcc-arm-none-eabi-4_9-2015q2/bin/../lib/gcc/arm-none-eabi/4.9.3/../../../../arm-none-eabi/lib/armv6-m/libnosys.a(_exit.o)
 .debug_frame   0x00000094       0x28 /home/marco/ARMToolchain/gcc-arm-none-eabi-4_9-2015q2/bin/../lib/gcc/arm-none-eabi/4.9.3/../../../../arm-none-eabi/lib/armv6-m/libc_nano.a(lib_a-memcpy.o)
 .debug_frame   0x000000bc       0x20 /home/marco/ARMToolchain/gcc-arm-none-eabi-4_9-2015q2/bin/../lib/gcc/arm-none-eabi/4.9.3/../../../../arm-none-eabi/lib/armv6-m/libc_nano.a(lib_a-strlen.o)
